2026-09-18T20:30:04.424Z  INFO 1 --- [job-application-portal] [SpringApplicationShutdownHook] o.s.b.w.e.tomcat.GracefulShutdown        : Commencing graceful shutdown. Waiting for active requests to complete
2026-09-18T20:30:04.446Z  INFO 1 --- [job-application-portal] [tomcat-shutdown] o.s.b.w.e.tomcat.GracefulShutdown        : Graceful shutdown complete
2026-09-18T20:30:42.795Z  INFO 1 --- [job-application-portal] [main] c.j.p.JobApplicationPortalApplication    : Starting JobApplicationPortalApplication v0.0.1-SNAPSHOT using Java 17.0.18 with PID 1 (/app/app.war started by root in /app)
2026-09-18T20:30:42.798Z DEBUG 1 --- [job-application-portal] [main] c.j.p.JobApplicationPortalApplication    : Running with Spring Boot v3.4.1, Spring v6.2.1
2026-09-18T20:30:42.800Z  INFO 1 --- [job-application-portal] [main] c.j.p.JobApplicationPortalApplication    : The following 1 profile is active: "docker"
2026-09-18T20:30:43.418Z  INFO 1 --- [job-application-portal] [main] .s.d.r.c.RepositoryConfigurationDelegate : Multiple Spring Data modules found, entering strict repository configuration mode
2026-09-18T20:30:43.420Z  INFO 1 --- [job-application-portal] [main] .s.d.r.c.RepositoryConfigurationDelegate : Bootstrapping Spring Data Redis repositories in DEFAULT mode.
2026-09-18T20:30:43.463Z  INFO 1 --- [job-application-portal] [main] .s.d.r.c.RepositoryConfigurationDelegate : Finished Spring Data repository scanning in 21 ms. Found 0 Redis repository interfaces.
2026-09-18T20:30:44.005Z  INFO 1 --- [job-application-portal] [main] o.s.b.w.embedded.tomcat.TomcatWebServer  : Tomcat initialized with port 8080 (http)
2026-09-18T20:30:44.023Z  INFO 1 --- [job-application-portal] [main] o.apache.catalina.core.StandardService   : Starting service [Tomcat]
2026-09-18T20:30:44.028Z  INFO 1 --- [job-application-portal] [main] o.apache.catalina.core.StandardEngine    : Starting Servlet engine: [Apache Tomcat/10.1.34]
2026-09-18T20:30:45.879Z  INFO 1 --- [job-application-portal] [main] org.apache.jasper.servlet.TldScanner     : At least one JAR was scanned for TLDs yet contained no TLDs. Enable debug logging for this logger for a complete list of JARs that were scanned but no TLDs were found in them. Skipping unneeded JARs during scanning can improve startup time and JSP compilation time.
2026-09-18T20:30:46.252Z  INFO 1 --- [job-application-portal] [main] o.a.c.c.C.[Tomcat].[localhost].[/]       : Initializing Spring embedded WebApplicationContext
2026-09-18T20:30:46.252Z  INFO 1 --- [job-application-portal] [main] w.s.c.ServletWebServerApplicationContext : Root WebApplicationContext: initialization completed in 3414 ms
2026-09-18T20:30:46.290Z DEBUG 1 --- [job-application-portal] [main] com.job.portal.config.TraceIdFilter      : Filter 'traceIdFilter' configured for use
2026-09-18T20:30:46.602Z  INFO 1 --- [job-application-portal] [main] org.hibernate.Version                    : HHH000412: Hibernate ORM core version 6.6.4.Final
2026-09-18T20:30:46.639Z  INFO 1 --- [job-application-portal] [main] o.h.c.internal.RegionFactoryInitiator    : HHH000026: Second-level cache disabled
2026-09-18T20:30:46.749Z  WARN 1 --- [job-application-portal] [main] org.hibernate.orm.deprecation            : HHH90000025: PostgreSQLDialect does not need to be specified explicitly using 'hibernate.dialect' (remove the property setting and it will be selected by default)
2026-09-18T20:30:46.761Z  INFO 1 --- [job-application-portal] [main] org.hibernate.orm.connections.pooling    : HHH10001005: Database info:
	Database JDBC URL [Connecting through datasource 'org.springframework.jdbc.datasource.DriverManagerDataSource@224c7de4']
	Database driver: undefined/unknown
	Database version: 15.18
	Autocommit mode: undefined/unknown
	Isolation level: undefined/unknown
	Minimum pool size: undefined/unknown
	Maximum pool size: undefined/unknown
2026-09-18T20:30:47.478Z  INFO 1 --- [job-application-portal] [main] o.h.e.t.j.p.i.JtaPlatformInitiator       : HHH000489: No JTA platform available (set 'hibernate.transaction.jta.platform' to enable JTA platform integration)
2026-09-18T20:30:47.828Z  WARN 1 --- [job-application-portal] [main] .s.s.UserDetailsServiceAutoConfiguration : 

Using generated security password: 851ce3cd-5c6a-4854-bdc9-c6f67c24317b

This generated password is for development use only. Your security configuration must be updated before running your application in production.

2026-09-18T20:30:47.836Z  INFO 1 --- [job-application-portal] [main] r$InitializeUserDetailsManagerConfigurer : Global AuthenticationManager configured with UserDetailsService bean with name inMemoryUserDetailsManager
2026-09-18T20:30:47.887Z  INFO 1 --- [job-application-portal] [main] o.s.b.a.w.s.WelcomePageHandlerMapping    : Adding welcome page template: index
2026-09-18T20:30:48.187Z  INFO 1 --- [job-application-portal] [main] o.s.b.w.embedded.tomcat.TomcatWebServer  : Tomcat started on port 8080 (http) with context path '/'
2026-09-18T20:30:48.196Z  INFO 1 --- [job-application-portal] [main] c.j.p.JobApplicationPortalApplication    : Started JobApplicationPortalApplication in 5.866 seconds (process running for 6.297)
2026-09-18T20:32:06.431Z  INFO 1 --- [job-application-portal] [http-nio-8080-exec-1] o.a.c.c.C.[Tomcat].[localhost].[/]       : Initializing Spring DispatcherServlet 'dispatcherServlet'
2026-09-18T20:32:06.432Z  INFO 1 --- [job-application-portal] [http-nio-8080-exec-1] o.s.web.servlet.DispatcherServlet        : Initializing Servlet 'dispatcherServlet'
2026-09-18T20:32:06.445Z  INFO 1 --- [job-application-portal] [http-nio-8080-exec-1] o.s.web.servlet.DispatcherServlet        : Completed initialization in 12 ms
2026-09-18T20:37:22.701Z  INFO 1 --- [job-application-portal] [http-nio-8080-exec-2] c.job.portal.controller.AuthController   : [AUTH] Attempting login via auth-service microservice for user: admin@portal.com
2026-09-18T20:37:22.714Z  INFO 1 --- [job-application-portal] [http-nio-8080-exec-2] c.job.portal.controller.AuthController   : [AUTH] Calling auth-service at: http://auth-service:9090/auth/login
2026-09-18T20:37:23.230Z  INFO 1 --- [job-application-portal] [http-nio-8080-exec-2] c.job.portal.controller.AuthController   : [AUTH] ✅ Microservice login SUCCEEDED for user: admin@portal.com | Role: ADMIN | JWT issued
2026-09-18T20:40:57.152Z  INFO 1 --- [job-application-portal] [SpringApplicationShutdownHook] o.s.b.w.e.tomcat.GracefulShutdown        : Commencing graceful shutdown. Waiting for active requests to complete
2026-09-18T20:40:57.157Z  INFO 1 --- [job-application-portal] [tomcat-shutdown] o.s.b.w.e.tomcat.GracefulShutdown        : Graceful shutdown complete
2026-09-18T20:41:25.144Z  INFO 1 --- [job-application-portal] [main] c.j.p.JobApplicationPortalApplication    : Starting JobApplicationPortalApplication v0.0.1-SNAPSHOT using Java 17.0.18 with PID 1 (/app/app.war started by root in /app)
2026-09-18T20:41:25.146Z DEBUG 1 --- [job-application-portal] [main] c.j.p.JobApplicationPortalApplication    : Running with Spring Boot v3.4.1, Spring v6.2.1
2026-09-18T20:41:25.148Z  INFO 1 --- [job-application-portal] [main] c.j.p.JobApplicationPortalApplication    : The following 1 profile is active: "docker"
2026-09-18T20:41:25.858Z  INFO 1 --- [job-application-portal] [main] .s.d.r.c.RepositoryConfigurationDelegate : Multiple Spring Data modules found, entering strict repository configuration mode
2026-09-18T20:41:25.863Z  INFO 1 --- [job-application-portal] [main] .s.d.r.c.RepositoryConfigurationDelegate : Bootstrapping Spring Data Redis repositories in DEFAULT mode.
2026-09-18T20:41:25.911Z  INFO 1 --- [job-application-portal] [main] .s.d.r.c.RepositoryConfigurationDelegate : Finished Spring Data repository scanning in 18 ms. Found 0 Redis repository interfaces.
2026-09-18T20:41:26.477Z  INFO 1 --- [job-application-portal] [main] o.s.b.w.embedded.tomcat.TomcatWebServer  : Tomcat initialized with port 8080 (http)
2026-09-18T20:41:26.487Z  INFO 1 --- [job-application-portal] [main] o.apache.catalina.core.StandardService   : Starting service [Tomcat]
2026-09-18T20:41:26.487Z  INFO 1 --- [job-application-portal] [main] o.apache.catalina.core.StandardEngine    : Starting Servlet engine: [Apache Tomcat/10.1.34]
2026-09-18T20:41:28.249Z  INFO 1 --- [job-application-portal] [main] org.apache.jasper.servlet.TldScanner     : At least one JAR was scanned for TLDs yet contained no TLDs. Enable debug logging for this logger for a complete list of JARs that were scanned but no TLDs were found in them. Skipping unneeded JARs during scanning can improve startup time and JSP compilation time.
2026-09-18T20:41:28.614Z  INFO 1 --- [job-application-portal] [main] o.a.c.c.C.[Tomcat].[localhost].[/]       : Initializing Spring embedded WebApplicationContext
2026-09-18T20:41:28.615Z  INFO 1 --- [job-application-portal] [main] w.s.c.ServletWebServerApplicationContext : Root WebApplicationContext: initialization completed in 3425 ms
2026-09-18T20:41:28.651Z DEBUG 1 --- [job-application-portal] [main] com.job.portal.config.TraceIdFilter      : Filter 'traceIdFilter' configured for use
2026-09-18T20:41:28.890Z  INFO 1 --- [job-application-portal] [main] org.hibernate.Version                    : HHH000412: Hibernate ORM core version 6.6.4.Final
2026-09-18T20:41:28.922Z  INFO 1 --- [job-application-portal] [main] o.h.c.internal.RegionFactoryInitiator    : HHH000026: Second-level cache disabled
2026-09-18T20:41:29.052Z  WARN 1 --- [job-application-portal] [main] org.hibernate.orm.deprecation            : HHH90000025: PostgreSQLDialect does not need to be specified explicitly using 'hibernate.dialect' (remove the property setting and it will be selected by default)
2026-09-18T20:41:29.065Z  INFO 1 --- [job-application-portal] [main] org.hibernate.orm.connections.pooling    : HHH10001005: Database info:
	Database JDBC URL [Connecting through datasource 'org.springframework.jdbc.datasource.DriverManagerDataSource@3f857e08']
	Database driver: undefined/unknown
	Database version: 15.18
	Autocommit mode: undefined/unknown
	Isolation level: undefined/unknown
	Minimum pool size: undefined/unknown
	Maximum pool size: undefined/unknown
2026-09-18T20:41:29.775Z  INFO 1 --- [job-application-portal] [main] o.h.e.t.j.p.i.JtaPlatformInitiator       : HHH000489: No JTA platform available (set 'hibernate.transaction.jta.platform' to enable JTA platform integration)
2026-09-18T20:41:30.128Z  WARN 1 --- [job-application-portal] [main] .s.s.UserDetailsServiceAutoConfiguration : 

Using generated security password: fbe15ffd-83ff-4226-a463-d9e3f8ab9e26

This generated password is for development use only. Your security configuration must be updated before running your application in production.

2026-09-18T20:41:30.134Z  INFO 1 --- [job-application-portal] [main] r$InitializeUserDetailsManagerConfigurer : Global AuthenticationManager configured with UserDetailsService bean with name inMemoryUserDetailsManager
2026-09-18T20:41:30.195Z  INFO 1 --- [job-application-portal] [main] o.s.b.a.w.s.WelcomePageHandlerMapping    : Adding welcome page template: index
2026-09-18T20:41:30.502Z  INFO 1 --- [job-application-portal] [main] o.s.b.w.embedded.tomcat.TomcatWebServer  : Tomcat started on port 8080 (http) with context path '/'
2026-09-18T20:41:30.511Z  INFO 1 --- [job-application-portal] [main] c.j.p.JobApplicationPortalApplication    : Started JobApplicationPortalApplication in 5.832 seconds (process running for 6.267)
2026-09-18T20:41:55.884Z  INFO 1 --- [job-application-portal] [http-nio-8080-exec-1] o.a.c.c.C.[Tomcat].[localhost].[/]       : Initializing Spring DispatcherServlet 'dispatcherServlet'
2026-09-18T20:41:55.885Z  INFO 1 --- [job-application-portal] [http-nio-8080-exec-1] o.s.web.servlet.DispatcherServlet        : Initializing Servlet 'dispatcherServlet'
2026-09-18T20:41:55.886Z  INFO 1 --- [job-application-portal] [http-nio-8080-exec-1] o.s.web.servlet.DispatcherServlet        : Completed initialization in 1 ms
2026-09-18T20:51:46.456Z  INFO 1 --- [job-application-portal] [SpringApplicationShutdownHook] o.s.b.w.e.tomcat.GracefulShutdown        : Commencing graceful shutdown. Waiting for active requests to complete
2026-09-18T20:51:46.463Z  INFO 1 --- [job-application-portal] [tomcat-shutdown] o.s.b.w.e.tomcat.GracefulShutdown        : Graceful shutdown complete
